== rustfmt (check) ==
== clippy (warnings denied) ==
    Checking sofdevtool-core v0.1.0 (/private/tmp/sofdevtool-terra-01/rust/crates/core)
    Checking sofdevtool-ui v0.1.0 (/private/tmp/sofdevtool-terra-01/rust/crates/ui)
    Checking sofdevtool-app v0.1.0 (/private/tmp/sofdevtool-terra-01/rust/crates/app)
    Finished `dev` profile [optimized + debuginfo] target(s) in 1.55s
warning: the following packages contain code that will be rejected by a future version of Rust: block v0.1.6
note: to see what the problems were, use the option `--future-incompat-report`, or run `cargo report future-incompatibilities --id 1`
== tests ==
   Compiling sofdevtool-core v0.1.0 (/private/tmp/sofdevtool-terra-01/rust/crates/core)
   Compiling sofdevtool-app v0.1.0 (/private/tmp/sofdevtool-terra-01/rust/crates/app)
    Finished `test` profile [optimized + debuginfo] target(s) in 1.38s
warning: the following packages contain code that will be rejected by a future version of Rust: block v0.1.6
note: to see what the problems were, use the option `--future-incompat-report`, or run `cargo report future-incompatibilities --id 1`
     Running unittests src/lib.rs (/private/tmp/sofdevtool-terra-target/debug/deps/sofdevtool_app-7a47709f32be1fca)

running 2 tests
test identity::tests::identity_is_distinct_from_the_swift_product ... ok
test identity::tests::support_root_ends_with_the_rust_namespace ... ok

test result: ok. 2 passed; 0 failed; 0 ignored; 0 measured; 0 filtered out; finished in 0.00s

     Running unittests src/main.rs (/private/tmp/sofdevtool-terra-target/debug/deps/sofdevtool-90bac7a14a096181)

running 0 tests

test result: ok. 0 passed; 0 failed; 0 ignored; 0 measured; 0 filtered out; finished in 0.00s

     Running unittests src/lib.rs (/private/tmp/sofdevtool-terra-target/debug/deps/sofdevtool_core-fdf63991dfe3362a)

running 5 tests
test session::tests::epoch_advances_on_submit_and_on_settle ... ok
test session::tests::obsolete_revision_is_rejected ... ok
test session::tests::invalid_current_input_settles_as_diagnostics ... ok
test session::tests::submitting_clears_the_previous_evaluation ... ok
test session::tests::unchanged_request_is_not_rescheduled ... ok

test result: ok. 5 passed; 0 failed; 0 ignored; 0 measured; 0 filtered out; finished in 0.00s

     Running tests/json_contract.rs (/private/tmp/sofdevtool-terra-target/debug/deps/json_contract-972c945a827e14f1)

running 23 tests
test empty_input_is_neutral ... ok
test format_uses_two_space_indentation_by_default ... ok
test format_honours_four_space_indentation ... ok
test duplicate_object_keys_keep_the_last_value ... ok
test a_user_object_key_named_like_serde_private_number_stays_an_object ... ok
test invalid_input_never_returns_output ... ok
test hostile_deep_input_is_refused_without_crashing ... ok
test invalid_input_reports_line_and_column ... ok
test minify_removes_insignificant_whitespace ... ok
test nesting_limit_applies_to_objects_too ... ok
test nesting_limit_counts_containers_consistently ... ok
test preserves_numeric_meaning ... ok
test preserves_unicode_and_complex_emoji_verbatim ... ok
test query_of_container_renders_structured_output ... ok
test query_missing_path_is_an_error ... ok
test query_of_null_and_scalars_is_literal ... ok
test query_pointer_unescapes_tokens ... ok
test query_supports_dot_and_bracket_paths ... ok
test query_supports_json_pointer ... ok
test snapshot_round_trips_without_duplicating_input ... ok
test sort_keys_is_recursive_and_preserves_array_order ... ok
test unicode_escapes_and_surrogate_pairs_decode ... ok
test fixture_corpus_matches_expected_results ... ok

test result: ok. 23 passed; 0 failed; 0 ignored; 0 measured; 0 filtered out; finished in 0.00s

     Running unittests src/lib.rs (/private/tmp/sofdevtool-terra-target/debug/deps/sofdevtool_ui-cb3e97772d31302a)

running 5 tests
test components::editor::tests::explicit_range_uses_utf16_offsets_for_a_family_emoji ... ok
test components::editor::tests::only_extended_or_partial_graphemes_intercept_native_deletion ... ok
test components::editor::tests::deleting_after_a_cursor_removes_the_whole_combining_grapheme ... ok
test components::editor::tests::deleting_before_a_cursor_removes_the_whole_zwj_grapheme ... ok
test components::editor::tests::partial_selection_expands_to_the_whole_emoji_before_deletion ... ok

test result: ok. 5 passed; 0 failed; 0 ignored; 0 measured; 0 filtered out; finished in 0.00s

   Doc-tests sofdevtool_app

running 0 tests

test result: ok. 0 passed; 0 failed; 0 ignored; 0 measured; 0 filtered out; finished in 0.00s

   Doc-tests sofdevtool_core

running 0 tests

test result: ok. 0 passed; 0 failed; 0 ignored; 0 measured; 0 filtered out; finished in 0.00s

   Doc-tests sofdevtool_ui

running 0 tests

test result: ok. 0 passed; 0 failed; 0 ignored; 0 measured; 0 filtered out; finished in 0.00s

== debug build (bins + examples) ==
    Finished `dev` profile [optimized + debuginfo] target(s) in 0.32s
warning: the following packages contain code that will be rejected by a future version of Rust: block v0.1.6
note: to see what the problems were, use the option `--future-incompat-report`, or run `cargo report future-incompatibilities --id 1`
== release build (bins + examples) ==
   Compiling proc-macro2 v1.0.107
   Compiling unicode-ident v1.0.26
   Compiling quote v1.0.47
   Compiling libc v0.2.189
   Compiling typeid v1.0.3
   Compiling erased-serde v0.4.10
   Compiling serde_core v1.0.229
   Compiling cfg-if v1.0.5
   Compiling bitflags v2.13.2
   Compiling autocfg v1.5.1
   Compiling smallvec v1.16.1
   Compiling memchr v2.8.3
   Compiling libm v0.2.16
   Compiling pin-project-lite v0.2.17
   Compiling serde v1.0.229
   Compiling crossbeam-utils v0.8.23
   Compiling objc2-encode v4.1.0
   Compiling num-traits v0.2.19
   Compiling futures-core v0.3.34
   Compiling zmij v1.0.23
   Compiling stable_deref_trait v1.2.1
   Compiling objc2 v0.6.4
   Compiling futures-io v0.3.34
   Compiling crossbeam-epoch v0.9.21
   Compiling simd-adler32 v0.3.10
   Compiling hashbrown v0.17.1
   Compiling core-foundation-sys v0.8.7
   Compiling equivalent v1.0.2
   Compiling aho-corasick v1.1.5
   Compiling crossbeam-deque v0.8.8
   Compiling regex-syntax v0.8.11
   Compiling syn v3.0.6
   Compiling syn v2.0.119
   Compiling adler2 v2.0.1
   Compiling regex-automata v0.4.18
   Compiling anyhow v1.0.104
   Compiling serde_fmt v1.1.0
   Compiling indexmap v2.14.2
   Compiling value-bag-serde1 v1.14.1
   Compiling parking v2.2.1
   Compiling value-bag v1.14.1
   Compiling fastrand v2.5.0
   Compiling log v0.4.34
   Compiling crc32fast v1.5.2
   Compiling scopeguard v1.2.0
   Compiling lock_api v0.4.14
   Compiling siphasher v1.0.3
   Compiling slab v0.4.12
   Compiling arrayvec v0.7.8
   Compiling version_check v0.9.5
   Compiling getrandom v0.4.3
   Compiling miniz_oxide v0.9.1
   Compiling bytemuck v1.25.2
   Compiling parking_lot_core v0.9.12
   Compiling core-foundation v0.10.1
   Compiling synstructure v0.14.0
   Compiling flate2 v1.1.10
   Compiling serde_json v1.0.151
   Compiling zerocopy v0.8.57
   Compiling objc2-core-foundation v0.3.2
   Compiling futures-lite v2.6.1
   Compiling concurrent-queue v2.5.0
   Compiling semver v1.0.28
   Compiling winnow v1.0.4
   Compiling itoa v1.0.18
   Compiling rustversion v1.0.23
   Compiling glob v0.3.4
   Compiling rustc_version v0.4.1
   Compiling parking_lot v0.12.5
   Compiling serde_derive v1.0.229
   Compiling zerofrom-derive v0.1.8
   Compiling yoke-derive v0.8.3
   Compiling zerovec-derive v0.11.6
   Compiling displaydoc v0.2.7
   Compiling event-listener v5.4.2
   Compiling zerocopy-derive v0.8.57
   Compiling toml_datetime v1.1.1+spec-1.1.0
   Compiling miniz_oxide v0.8.9
   Compiling toml_parser v1.1.3+spec-1.1.0
   Compiling writeable v0.6.4
   Compiling litemap v0.8.3
   Compiling either v1.18.0
   Compiling futures-sink v0.3.34
   Compiling event-listener-strategy v0.5.4
   Compiling foreign-types-macros v0.2.4
   Compiling block2 v0.6.2
   Compiling core-graphics-types v0.2.0
   Compiling icu_normalizer_data v2.3.0
   Compiling zerofrom v0.1.8
   Compiling paste v1.0.15
   Compiling utf8_iter v1.0.4
   Compiling icu_properties_data v2.3.0
   Compiling foreign-types-shared v0.3.1
   Compiling futures-channel v0.3.34
   Compiling foreign-types v0.5.0
   Compiling clang-sys v1.9.1
   Compiling futures-macro v0.3.34
   Compiling regex v1.13.1
   Compiling slotmap v1.1.1
   Compiling euclid v0.22.14
   Compiling bstr v1.13.1
   Compiling prettyplease v0.2.37
   Compiling async-task v4.7.1
   Compiling yoke v0.8.3
   Compiling rayon-core v1.13.0
   Compiling once_cell v1.21.4
   Compiling same-file v1.0.6
   Compiling getrandom v0.3.4
   Compiling rustc-hash v2.1.3
   Compiling futures-task v0.3.34
   Compiling walkdir v2.5.0
   Compiling futures-util v0.3.34
   Compiling tracing-core v0.1.36
   Compiling globset v0.4.20
   Compiling objc2-foundation v0.3.2
   Compiling zerovec v0.11.8
   Compiling zerotrie v0.2.5
   Compiling toml_datetime v0.6.11
   Compiling serde_spanned v0.6.9
   Compiling core_maths v0.1.1
   Compiling malloc_buf v0.0.6
   Compiling iana-time-zone v0.1.65
   Compiling fdeflate v0.3.7
   Compiling block v0.1.6
   Compiling toml_write v0.1.2
   Compiling minimal-lexical v0.2.1
   Compiling float-cmp v0.9.0
   Compiling rand_core v0.6.4
   Compiling lazy_static v1.5.0
   Compiling winnow v0.7.15
   Compiling bitflags v1.3.2
   Compiling rand v0.8.8
   Compiling strict-num v0.1.1
   Compiling nom v7.1.3
   Compiling futures-executor v0.3.34
   Compiling toml_edit v0.22.27
   Compiling tinystr v0.8.4
   Compiling potential_utf v0.1.6
   Compiling icu_locale_core v2.3.0
   Compiling icu_collections v2.3.0
   Compiling chrono v0.4.45
   Compiling objc v0.2.7
   Compiling ttf-parser v0.25.1
   Compiling lyon_geom v1.0.19
   Compiling gpui-pre-util v0.3.6
   Compiling async-channel v2.5.0
   Compiling phf_shared v0.11.3
   Compiling icu_provider v2.3.1
   Compiling pathfinder_simd v0.5.6
   Compiling pulp v0.22.3
   Compiling polycool v0.4.0
   Compiling serde_spanned v1.1.1
   Compiling icu_properties v2.3.0
   Compiling icu_normalizer v2.3.0
   Compiling libloading v0.8.9
   Compiling unicode-segmentation v1.13.3
   Compiling bindgen v0.72.1
   Compiling object v0.37.3
   Compiling weezl v0.1.12
   Compiling percent-encoding v2.3.2
   Compiling quick-error v2.0.1
   Compiling toml_writer v1.1.2+spec-1.1.0
   Compiling shlex v2.0.1
   Compiling byteorder v1.5.0
   Compiling ref-cast v1.0.27
   Compiling arrayref v0.3.9
   Compiling zune-core v0.5.3
   Compiling find-msvc-tools v0.1.13
   Compiling libbz2-rs-sys v0.2.5
   Compiling sha1_smol v1.0.1
   Compiling cc v1.4.7
   Compiling zune-jpeg v0.5.15
   Compiling uuid v1.26.1
   Compiling tiny-skia-path v0.11.4
   Compiling bzip2 v0.6.1
   Compiling gpui-pre-collections v0.3.6
   Compiling toml v1.1.6+spec-1.1.0
   Compiling idna_adapter v1.2.2
   Compiling form_urlencoded v1.2.2
   Compiling convert_case v0.10.0
   Compiling kurbo v0.13.1
   Compiling lyon_path v1.0.19
   Compiling phf_generator v0.11.3
   Compiling toml v0.8.23
   Compiling rand_core v0.9.5
   Compiling cexpr v0.6.0
   Compiling futures v0.3.34
   Compiling sharded-slab v0.1.7
   Compiling half v2.7.1
   Compiling ppv-lite86 v0.2.21
   Compiling core-graphics v0.24.0
   Compiling tracing-log v0.2.0
   Compiling itertools v0.13.0
   Compiling toml_edit v0.25.15+spec-1.1.0
   Compiling tracing-attributes v0.1.31
   Compiling pin-project-internal v1.1.13
   Compiling enumn v0.1.14
   Compiling objc2-core-video v0.3.2
   Compiling ref-cast-impl v1.0.27
   Compiling num-complex v0.4.6
   Compiling serde_derive_internals v0.30.0
   Compiling errno v0.3.14
   Compiling memmap2 v0.9.11
   Compiling thread_local v1.1.10
   Compiling leak v0.1.2
   Compiling option-ext v0.2.0
   Compiling pulp-wasm-simd-flag v0.1.1
   Compiling color_quant v1.1.0
   Compiling heck v0.5.0
   Compiling gimli v0.32.3
   Compiling unicode-bidi-mirroring v0.4.0
   Compiling byteorder-lite v0.1.0
   Compiling reborrow v0.5.5
   Compiling unicode-ccc v0.4.0
   Compiling unicode-xid v0.2.6
   Compiling gpui-pre-ztracing v0.3.6
   Compiling bytes v1.12.1
   Compiling shlex v1.3.0
   Compiling compression-core v0.4.33
   Compiling tinyvec v1.13.3
   Compiling heapless v0.9.3
   Compiling unicode-properties v0.1.4
   Compiling unicode-script v0.5.8
   Compiling rustix v1.1.5
   Compiling thiserror v1.0.69
   Compiling nu-ansi-term v0.50.3
   Compiling typenum v1.20.1
   Compiling fontdb v0.23.0
   Compiling http v1.5.0
   Compiling tracing-subscriber v0.3.23
   Compiling rustybuzz v0.20.1
   Compiling schemars_derive v1.2.2
   Compiling hybrid-array v0.4.15
   Compiling compression-codecs v0.4.43
   Compiling image-webp v0.2.4
   Compiling derive_more-impl v2.1.1
   Compiling addr2line v0.25.1
   Compiling tracing v0.1.44
   Compiling gif v0.14.2
   Compiling dirs-sys v0.4.1
   Compiling pin-project v1.1.13
   Compiling leaky-cow v0.1.1
   Compiling proc-macro-crate v3.5.0
   Compiling accesskit v0.24.1
   Compiling rand_chacha v0.9.0
   Compiling svgtypes v0.16.1
   Compiling embed-resource v3.0.11
   Compiling idna v1.1.0
   Compiling gpui-pre-zlog v0.3.6
   Compiling hash32 v0.3.1
   Compiling rayon v1.12.0
   Compiling png v0.17.16
   Compiling thiserror-impl v1.0.69
   Compiling simplecss v0.2.2
   Compiling spin v0.9.9
   Compiling cgl v0.3.2
   Compiling zune-inflate v0.2.54
   Compiling roxmltree v0.21.1
   Compiling unicode-vo v0.1.0
   Compiling thiserror v2.0.20
   Compiling unicode-bidi v0.3.18
   Compiling gpui-pre-ztracing-macro v0.3.6
   Compiling zed-font-kit v0.14.1-zed
   Compiling xmlwriter v0.1.0
   Compiling float_next_after v1.0.0
   Compiling new_debug_unreachable v1.0.6
   Compiling ryu v1.0.23
   Compiling fax v0.2.7
   Compiling data-url v0.3.2
   Compiling lebe v0.5.3
   Compiling imagesize v0.14.0
   Compiling pxfm v0.1.30
   Compiling base64 v0.22.1
   Compiling dyn-clone v1.0.20
   Compiling bit_field v0.10.3
   Compiling pico-args v0.5.0
   Compiling rustc-demangle v0.1.28
   Compiling usvg v0.46.0
   Compiling exr v1.74.2
   Compiling schemars v1.2.2
   Compiling backtrace v0.3.76
   Compiling tiff v0.11.3
   Compiling gpui-pre v0.3.6
   Compiling serde_urlencoded v0.7.1
   Compiling lyon_tessellation v1.0.22
   Compiling moxcms v0.8.1
   Compiling io-surface v0.16.1
   Compiling flume v0.12.0
   Compiling tiny-skia v0.11.4
   Compiling url v2.5.8
   Compiling derive_more v2.1.1
   Compiling pathfinder_geometry v0.5.1
   Compiling gpui-pre-perf v0.3.6
   Compiling rand v0.9.5
   Compiling dirs v5.0.1
   Compiling async-compression v0.4.48
   Compiling http-body v1.1.0
   Compiling strum_macros v0.28.0
   Compiling core-text v21.0.0
   Compiling lyon_algorithms v1.0.21
   Compiling string_cache_codegen v0.5.4
   Compiling phf_codegen v0.11.3
   Compiling metal v0.33.0
   Compiling core-graphics2 v0.5.2
   Compiling png v0.18.1
   Compiling encoding_rs v0.8.41
   Compiling profiling-procmacros v1.0.18
   Compiling gpui-pre-derive-refineable v0.3.6
   Compiling thiserror-impl v2.0.20
   Compiling rgb v0.8.53
   Compiling qoi v0.4.1
   Compiling crossbeam-queue v0.3.14
   Compiling async-io v2.6.0
   Compiling linktime-proc-macro v0.2.3
   Compiling web-time v1.1.0
   Compiling objc-sys v0.3.5
   Compiling mac v0.1.1
   Compiling svg_fmt v0.4.5
   Compiling atomic v0.5.3
   Compiling fixedbitset v0.5.7
   Compiling float-ord v0.3.2
   Compiling static_assertions v1.1.0
   Compiling link-section v0.19.3
   Compiling smol_str v0.3.6
   Compiling pollster v0.2.5
   Compiling gpui-pre-shared-string v0.3.6
   Compiling ctor v1.0.13
   Compiling postage v0.5.0
   Compiling futures-concurrency v7.7.1
   Compiling etagere v0.2.15
   Compiling futf v0.1.5
   Compiling gpui-pre-scheduler v0.3.6
   Compiling image v0.25.10
   Compiling gpui-pre-refineable v0.3.6
   Compiling core-video v0.5.2
   Compiling resvg v0.46.0
   Compiling profiling v1.0.18
   Compiling polling v3.11.0
   Compiling strum v0.28.0
   Compiling markup5ever v0.12.1
   Compiling lyon v1.0.19
   Compiling gpui-pre-http-client v0.3.6
   Compiling gpui-pre-util-macros v0.3.6
   Compiling gpui-pre-sum-tree v0.3.6
   Compiling ignore v0.4.33
   Compiling gpui-pre-macros v0.3.6
   Compiling block-buffer v0.12.1
   Compiling crypto-common v0.2.2
   Compiling taffy v0.13.0
   Compiling itertools v0.14.0
   Compiling spin v0.10.1
   Compiling num_cpus v1.17.0
   Compiling seahash v4.1.0
   Compiling const-oid v0.10.2
   Compiling atomic-waker v1.1.2
   Compiling cbindgen v0.28.0
   Compiling unicase v2.9.0
   Compiling utf-8 v0.7.6
   Compiling raw-window-handle v0.6.2
   Compiling inventory v0.3.24
   Compiling waker-fn v1.2.0
   Compiling precomputed-hash v0.1.1
   Compiling simdutf8 v0.1.5
   Compiling multiversion_no_op v1.0.0
   Compiling pollster v0.4.0
   Compiling globwalk v0.8.1
   Compiling tempfile v3.27.0
   Compiling string_cache v0.8.9
   Compiling mime_guess v2.0.5
   Compiling tendril v0.4.3
   Compiling dirs-sys v0.5.0
   Compiling piper v0.2.5
   Compiling digest v0.11.3
   Compiling phf v0.11.3
   Compiling objc2-core-graphics v0.3.2
   Compiling cpufeatures v0.3.1
   Compiling arraydeque v0.5.1
   Compiling heck v0.4.1
   Compiling anstyle v1.0.14
   Compiling unicode-width v0.2.2
   Compiling granit-parser v1.3.0
   Compiling encoding_rs_io v0.1.8
   Compiling annotate-snippets v0.12.16
   Compiling sha2 v0.11.0
   Compiling objc2 v0.5.2
   Compiling blocking v1.7.0
   Compiling dirs v6.0.0
   Compiling objc2-quartz-core v0.3.2
   Compiling objc2-core-data v0.3.2
   Compiling objc2-core-image v0.3.2
   Compiling objc2-cloud-kit v0.3.2
   Compiling signal-hook-registry v1.4.8
   Compiling arc-swap v1.9.2
   Compiling async-lock v3.4.2
   Compiling html5ever v0.27.0
   Compiling objc2-core-text v0.3.2
   Compiling mime v0.3.17
   Compiling base64 v0.23.1
   Compiling foldhash v0.2.0
   Compiling nohash-hasher v0.2.0
   Compiling serde-saphyr v1.3.0
   Compiling triomphe v0.1.16
   Compiling hashbrown v0.16.1
   Compiling objc2-app-kit v0.3.2
   Compiling objc2-foundation v0.2.2
   Compiling async-signal v0.2.14
   Compiling shellexpand v3.1.2
   Compiling rust-embed-utils v8.12.0
   Compiling cocoa-foundation v0.2.1
   Compiling itertools v0.11.0
   Compiling instant v0.1.13
   Compiling base62 v2.2.6
   Compiling gpui-kit-assets v0.6.6
   Compiling normpath v1.5.2
   Compiling cocoa v0.26.1
   Compiling rust-i18n-support v4.2.2
   Compiling rust-embed-impl v8.12.0
   Compiling gpui-pre-apple v0.3.6
   Compiling objc2-app-kit v0.2.2
   Compiling async-process v2.5.0
   Compiling accesskit_consumer v0.38.0
   Compiling async-fs v2.2.0
   Compiling async-net v2.0.0
   Compiling xml5ever v0.18.1
   Compiling rust-i18n v4.2.2
   Compiling objc2-core-location v0.3.2
   Compiling objc2-core-media v0.3.2
   Compiling fluent-uri v0.1.4
   Compiling async-executor v1.14.0
   Compiling dispatch2 v0.3.1
   Compiling serde_repr v0.1.21
   Compiling str_indices v0.4.4
   Compiling unicode-id v0.3.7
   Compiling markdown v1.0.0
   Compiling ropey v2.0.0-beta.1
   Compiling lsp-types v0.97.0
   Compiling objc2-screen-capture-kit v0.3.2
   Compiling smol v2.0.2
   Compiling accesskit_macos v0.26.3
   Compiling objc2-user-notifications v0.3.2
   Compiling markup5ever_rcdom v0.3.0
   Compiling rust-embed v8.12.0
   Compiling rust-i18n-macro v4.2.2
   Compiling notify-types v1.0.1
   Compiling enum-iterator-derive v1.5.0
   Compiling filetime v0.2.29
   Compiling fsevent-sys v4.1.0
   Compiling mach2 v0.5.0
   Compiling gpui-component v0.6.6
   Compiling enum-iterator v2.3.0
   Compiling notify v7.0.0
   Compiling gpui-component-macros v0.6.6
   Compiling sofdevtool-core v0.1.0 (/private/tmp/sofdevtool-terra-01/rust/crates/core)
   Compiling gpui-base v0.6.6
   Compiling gpui-pre-macos v0.3.6
   Compiling gpui-pre-platform v0.3.6
   Compiling sofdevtool-ui v0.1.0 (/private/tmp/sofdevtool-terra-01/rust/crates/ui)
   Compiling sofdevtool-app v0.1.0 (/private/tmp/sofdevtool-terra-01/rust/crates/app)
    Finished `release` profile [optimized] target(s) in 1m 38s
warning: the following packages contain code that will be rejected by a future version of Rust: block v0.1.6
note: to see what the problems were, use the option `--future-incompat-report`, or run `cargo report future-incompatibilities --id 1`
gate passed
