== rustfmt (check) ==
== clippy (warnings denied) ==
    Finished `dev` profile [optimized + debuginfo] target(s) in 1.05s
warning: the following packages contain code that will be rejected by a future version of Rust: block v0.1.6
note: to see what the problems were, use the option `--future-incompat-report`, or run `cargo report future-incompatibilities --id 1`
== tests ==
    Finished `test` profile [optimized + debuginfo] target(s) in 0.50s
warning: the following packages contain code that will be rejected by a future version of Rust: block v0.1.6
note: to see what the problems were, use the option `--future-incompat-report`, or run `cargo report future-incompatibilities --id 1`
     Running unittests src/lib.rs (/private/tmp/sofdevtool-terra-03-target/debug/deps/sofdevtool_app-347c6009b8aa4bba)

running 6 tests
test text_diff::renderer::protocol_tests::stale_callbacks_cannot_change_the_current_renderer_status ... ok
test text_diff::renderer::protocol_tests::initialization_failure_remains_visible_when_the_first_request_arrives ... ok
test identity::tests::identity_is_distinct_from_the_swift_product ... ok
test text_diff::renderer::protocol_tests::newest_request_survives_early_and_duplicate_bridge_ready ... ok
test identity::tests::support_root_ends_with_the_rust_namespace ... ok
test text_diff::renderer::protocol_tests::renderer_html_fails_closed_unless_each_revision_patch_matches_once ... ok

test result: ok. 6 passed; 0 failed; 0 ignored; 0 measured; 0 filtered out; finished in 0.07s

     Running unittests src/main.rs (/private/tmp/sofdevtool-terra-03-target/debug/deps/sofdevtool-5c50bb3c996890a9)

running 0 tests

test result: ok. 0 passed; 0 failed; 0 ignored; 0 measured; 0 filtered out; finished in 0.00s

     Running unittests src/lib.rs (/private/tmp/sofdevtool-terra-03-target/debug/deps/sofdevtool_core-fdf63991dfe3362a)

running 5 tests
test session::tests::epoch_advances_on_submit_and_on_settle ... ok
test session::tests::invalid_current_input_settles_as_diagnostics ... ok
test session::tests::obsolete_revision_is_rejected ... ok
test session::tests::submitting_clears_the_previous_evaluation ... ok
test session::tests::unchanged_request_is_not_rescheduled ... ok

test result: ok. 5 passed; 0 failed; 0 ignored; 0 measured; 0 filtered out; finished in 0.00s

     Running tests/json_contract.rs (/private/tmp/sofdevtool-terra-03-target/debug/deps/json_contract-972c945a827e14f1)

running 23 tests
test format_uses_two_space_indentation_by_default ... ok
test duplicate_object_keys_keep_the_last_value ... ok
test empty_input_is_neutral ... ok
test format_honours_four_space_indentation ... ok
test a_user_object_key_named_like_serde_private_number_stays_an_object ... ok
test invalid_input_never_returns_output ... ok
test invalid_input_reports_line_and_column ... ok
test hostile_deep_input_is_refused_without_crashing ... ok
test minify_removes_insignificant_whitespace ... ok
test preserves_numeric_meaning ... ok
test nesting_limit_counts_containers_consistently ... ok
test preserves_unicode_and_complex_emoji_verbatim ... ok
test query_missing_path_is_an_error ... ok
test nesting_limit_applies_to_objects_too ... ok
test query_of_container_renders_structured_output ... ok
test query_of_null_and_scalars_is_literal ... ok
test query_pointer_unescapes_tokens ... ok
test query_supports_dot_and_bracket_paths ... ok
test query_supports_json_pointer ... ok
test snapshot_round_trips_without_duplicating_input ... ok
test sort_keys_is_recursive_and_preserves_array_order ... ok
test unicode_escapes_and_surrogate_pairs_decode ... ok
test fixture_corpus_matches_expected_results ... ok

test result: ok. 23 passed; 0 failed; 0 ignored; 0 measured; 0 filtered out; finished in 0.00s

     Running unittests src/lib.rs (/private/tmp/sofdevtool-terra-03-target/debug/deps/sofdevtool_ui-1123864fece7af64)

running 5 tests
test components::editor::tests::deleting_before_a_cursor_removes_the_whole_zwj_grapheme ... ok
test components::editor::tests::only_extended_or_partial_graphemes_intercept_native_deletion ... ok
test components::editor::tests::deleting_after_a_cursor_removes_the_whole_combining_grapheme ... ok
test components::editor::tests::explicit_range_uses_utf16_offsets_for_a_family_emoji ... ok
test components::editor::tests::partial_selection_expands_to_the_whole_emoji_before_deletion ... ok

test result: ok. 5 passed; 0 failed; 0 ignored; 0 measured; 0 filtered out; finished in 0.00s

   Doc-tests sofdevtool_app

running 0 tests

test result: ok. 0 passed; 0 failed; 0 ignored; 0 measured; 0 filtered out; finished in 0.00s

   Doc-tests sofdevtool_core

running 0 tests

test result: ok. 0 passed; 0 failed; 0 ignored; 0 measured; 0 filtered out; finished in 0.00s

   Doc-tests sofdevtool_ui

running 0 tests

test result: ok. 0 passed; 0 failed; 0 ignored; 0 measured; 0 filtered out; finished in 0.00s

== debug build (bins + examples) ==
    Finished `dev` profile [optimized + debuginfo] target(s) in 0.41s
warning: the following packages contain code that will be rejected by a future version of Rust: block v0.1.6
note: to see what the problems were, use the option `--future-incompat-report`, or run `cargo report future-incompatibilities --id 1`
gate passed
